<frozen runpy>:130: RuntimeWarning: 'pdf_translate.pipeline' found in sys.modules after import of package 'pdf_translate', but prior to execution of 'pdf_translate.pipeline'; this may result in unpredictable behaviour

[page 1/163] rendering...
[page 1] OCR...
[page 1] 46 boxes, kept 10 (插画页=False, complex_background=41/43, cjk_blocks=35/43, long_blocks=9/43, skipped_illustration_text=19/43, skipped_embedded_text=33/43)
[page 1] translating 5 lines...

[page 2/163] rendering...
[page 2] OCR...
[page 2] 0 boxes, kept 0 (插画页=False, )

[page 3/163] rendering...
[page 3] OCR...
[page 3] 28 boxes, kept 4 (插画页=False, complex_background=19/27, cjk_blocks=22/27, long_blocks=1/27, skipped_illustration_text=14/27, skipped_embedded_text=23/27)
[page 3] translating 4 lines...

[page 4/163] rendering...
[page 4] OCR...
[page 4] 43 boxes, kept 19 (插画页=False, complex_background=27/42, cjk_blocks=36/42, long_blocks=12/42, skipped_illustration_text=15/42, skipped_embedded_text=23/42)
[page 4] translating 19 lines...

[page 5/163] rendering...
[page 5] OCR...
[page 5] 13 boxes, kept 0 (插画页=True, complex_background=13/13, cjk_blocks=9/13, long_blocks=0/13)

[page 6/163] rendering...
[page 6] OCR...
[page 6] 41 boxes, kept 13 (插画页=False, complex_background=31/40, cjk_blocks=28/40, long_blocks=7/40, skipped_illustration_text=18/40, skipped_embedded_text=27/40)
[page 6] translating 13 lines...

[page 7/163] rendering...
[page 7] OCR...
[page 7] 29 boxes, kept 10 (插画页=False, complex_background=24/28, cjk_blocks=20/28, long_blocks=9/28, skipped_illustration_text=12/28, skipped_embedded_text=18/28)
[page 7] translating 10 lines...

[page 8/163] rendering...
[page 8] OCR...
[page 8] 64 boxes, kept 34 (插画页=False, complex_background=40/64, cjk_blocks=45/64, long_blocks=31/64, skipped_illustration_text=26/64, skipped_embedded_text=30/64)
[page 8] translating 30 lines...

[page 9/163] rendering...
[page 9] OCR...
[page 9] 9 boxes, kept 6 (插画页=False, complex_background=8/9, cjk_blocks=8/9, long_blocks=5/9, skipped_illustration_text=2/9, skipped_embedded_text=3/9)
[page 9] translating 6 lines...

[page 10/163] rendering...
[page 10] OCR...
[page 10] 45 boxes, kept 14 (插画页=False, complex_background=30/41, cjk_blocks=31/41, long_blocks=2/41, skipped_illustration_text=17/41, skipped_embedded_text=27/41)
[page 10] translating 12 lines...

[page 11/163] rendering...
[page 11] OCR...
[page 11] 49 boxes, kept 15 (插画页=False, complex_background=29/49, cjk_blocks=37/49, long_blocks=2/49, skipped_illustration_text=22/49, skipped_embedded_text=34/49)
[page 11] translating 15 lines...

[page 12/163] rendering...
[page 12] OCR...
[page 12] 21 boxes, kept 0 (插画页=False, complex_background=15/20, cjk_blocks=15/20, long_blocks=0/20, skipped_illustration_text=8/20, skipped_embedded_text=20/20)

[page 13/163] rendering...
[page 13] OCR...
[page 13] 39 boxes, kept 10 (插画页=False, complex_background=21/34, cjk_blocks=30/34, long_blocks=0/34, skipped_illustration_text=10/34, skipped_embedded_text=24/34)
[page 13] translating 10 lines...
[translate] 1/10 行批量失败，逐行补译...

[page 14/163] rendering...
[page 14] OCR...
[page 14] 46 boxes, kept 15 (插画页=False, complex_background=20/41, cjk_blocks=35/41, long_blocks=2/41, skipped_illustration_text=16/41, skipped_embedded_text=26/41)
[page 14] translating 15 lines...

[page 15/163] rendering...
[page 15] OCR...
[page 15] 53 boxes, kept 24 (插画页=False, complex_background=35/52, cjk_blocks=41/52, long_blocks=0/52, skipped_illustration_text=18/52, skipped_embedded_text=28/52)
[page 15] translating 24 lines...

[page 16/163] rendering...
[page 16] OCR...
[page 16] 56 boxes, kept 19 (插画页=False, complex_background=22/55, cjk_blocks=41/55, long_blocks=2/55, skipped_illustration_text=23/55, skipped_embedded_text=36/55)
[page 16] translating 18 lines...

[page 17/163] rendering...
[page 17] OCR...
[page 17] 16 boxes, kept 3 (插画页=False, complex_background=7/13, cjk_blocks=8/13, long_blocks=2/13, skipped_illustration_text=5/13, skipped_embedded_text=10/13)
[page 17] translating 3 lines...

[page 18/163] rendering...
[page 18] OCR...
[page 18] 47 boxes, kept 14 (插画页=False, complex_background=21/45, cjk_blocks=33/45, long_blocks=6/45, skipped_illustration_text=22/45, skipped_embedded_text=31/45)
[page 18] translating 14 lines...

[page 19/163] rendering...
[page 19] OCR...
[page 19] 60 boxes, kept 23 (插画页=False, complex_background=19/57, cjk_blocks=45/57, long_blocks=12/57, skipped_illustration_text=20/57, skipped_embedded_text=34/57)
[page 19] translating 23 lines...

[page 20/163] rendering...
[page 20] OCR...
[page 20] 38 boxes, kept 13 (插画页=False, complex_background=15/35, cjk_blocks=26/35, long_blocks=3/35, skipped_illustration_text=14/35, skipped_embedded_text=22/35)
[page 20] translating 13 lines...

[page 21/163] rendering...
[page 21] OCR...
[page 21] 63 boxes, kept 11 (插画页=False, complex_background=39/60, cjk_blocks=35/60, long_blocks=3/60, skipped_illustration_text=42/60, skipped_embedded_text=49/60)
[page 21] translating 10 lines...
[translate] 1/10 行批量失败，逐行补译...

[page 22/163] rendering...
[page 22] OCR...
[page 22] 47 boxes, kept 16 (插画页=False, complex_background=29/46, cjk_blocks=35/46, long_blocks=5/46, skipped_illustration_text=19/46, skipped_embedded_text=30/46)
[page 22] translating 16 lines...

[page 23/163] rendering...
[page 23] OCR...
[page 23] 46 boxes, kept 9 (插画页=False, complex_background=35/46, cjk_blocks=33/46, long_blocks=0/46, skipped_illustration_text=25/46, skipped_embedded_text=37/46)
[page 23] translating 9 lines...

[page 24/163] rendering...
[page 24] OCR...
[page 24] 55 boxes, kept 16 (插画页=False, complex_background=30/55, cjk_blocks=50/55, long_blocks=2/55, skipped_illustration_text=26/55, skipped_embedded_text=39/55)
[page 24] translating 16 lines...

[page 25/163] rendering...
[page 25] OCR...
[page 25] 43 boxes, kept 9 (插画页=False, complex_background=30/40, cjk_blocks=25/40, long_blocks=0/40, skipped_illustration_text=24/40, skipped_embedded_text=31/40)
[page 25] translating 9 lines...

[page 26/163] rendering...
[page 26] OCR...
[page 26] 58 boxes, kept 15 (插画页=False, complex_background=37/55, cjk_blocks=44/55, long_blocks=2/55, skipped_illustration_text=20/55, skipped_embedded_text=40/55)
[page 26] translating 15 lines...

[page 27/163] rendering...
[page 27] OCR...
[page 27] 42 boxes, kept 7 (插画页=False, complex_background=28/39, cjk_blocks=28/39, long_blocks=0/39, skipped_illustration_text=24/39, skipped_embedded_text=32/39)
[page 27] translating 7 lines...

[page 28/163] rendering...
[page 28] OCR...
[page 28] 45 boxes, kept 14 (插画页=False, complex_background=41/45, cjk_blocks=35/45, long_blocks=5/45, skipped_illustration_text=20/45, skipped_embedded_text=31/45)
[page 28] translating 13 lines...

[page 29/163] rendering...
[page 29] OCR...
[page 29] 25 boxes, kept 2 (插画页=False, complex_background=15/25, cjk_blocks=18/25, long_blocks=0/25, skipped_illustration_text=19/25, skipped_embedded_text=23/25)
[page 29] translating 2 lines...
[translate] 1/2 行批量失败，逐行补译...

[page 30/163] rendering...
[page 30] OCR...
[page 30] 31 boxes, kept 7 (插画页=False, complex_background=5/31, cjk_blocks=20/31, long_blocks=3/31, skipped_illustration_text=14/31, skipped_embedded_text=24/31)
[page 30] translating 7 lines...

[page 31/163] rendering...
[page 31] OCR...
[page 31] 33 boxes, kept 4 (插画页=False, complex_background=22/33, cjk_blocks=21/33, long_blocks=1/33, skipped_illustration_text=16/33, skipped_embedded_text=29/33)
[page 31] translating 4 lines...

[page 32/163] rendering...
[page 32] OCR...
[page 32] 44 boxes, kept 12 (插画页=False, complex_background=15/43, cjk_blocks=25/43, long_blocks=4/43, skipped_illustration_text=24/43, skipped_embedded_text=31/43)
[page 32] translating 12 lines...

[page 33/163] rendering...
[page 33] OCR...
[page 33] 56 boxes, kept 8 (插画页=False, complex_background=8/54, cjk_blocks=40/54, long_blocks=2/54, skipped_illustration_text=34/54, skipped_embedded_text=46/54)
[page 33] translating 8 lines...

[page 34/163] rendering...
[page 34] OCR...
[page 34] 57 boxes, kept 17 (插画页=False, complex_background=10/54, cjk_blocks=38/54, long_blocks=3/54, skipped_illustration_text=28/54, skipped_embedded_text=37/54)
[page 34] translating 17 lines...

[page 35/163] rendering...
[page 35] OCR...
[page 35] 98 boxes, kept 20 (插画页=False, complex_background=22/89, cjk_blocks=63/89, long_blocks=5/89, skipped_illustration_text=49/89, skipped_embedded_text=69/89)
[page 35] translating 20 lines...

[page 36/163] rendering...
[page 36] OCR...
[page 36] 68 boxes, kept 20 (插画页=False, complex_background=31/68, cjk_blocks=47/68, long_blocks=6/68, skipped_illustration_text=41/68, skipped_embedded_text=48/68)
[page 36] translating 19 lines...

[page 37/163] rendering...
[page 37] OCR...
[page 37] 46 boxes, kept 14 (插画页=False, complex_background=24/46, cjk_blocks=30/46, long_blocks=4/46, skipped_illustration_text=27/46, skipped_embedded_text=32/46)
[page 37] translating 14 lines...

[page 38/163] rendering...
[page 38] OCR...
[page 38] 37 boxes, kept 5 (插画页=False, complex_background=19/35, cjk_blocks=27/35, long_blocks=3/35, skipped_illustration_text=19/35, skipped_embedded_text=30/35)
[page 38] translating 4 lines...

[page 39/163] rendering...
[page 39] OCR...
[page 39] 58 boxes, kept 11 (插画页=False, complex_background=39/55, cjk_blocks=35/55, long_blocks=3/55, skipped_illustration_text=37/55, skipped_embedded_text=44/55)
[page 39] translating 11 lines...

[page 40/163] rendering...
[page 40] OCR...
[page 40] 57 boxes, kept 17 (插画页=False, complex_background=20/55, cjk_blocks=34/55, long_blocks=9/55, skipped_illustration_text=27/55, skipped_embedded_text=38/55)
[page 40] translating 17 lines...

[page 41/163] rendering...
[page 41] OCR...
[page 41] 26 boxes, kept 10 (插画页=False, complex_background=12/26, cjk_blocks=24/26, long_blocks=8/26, skipped_illustration_text=8/26, skipped_embedded_text=16/26)
[page 41] translating 10 lines...

[page 42/163] rendering...
[page 42] OCR...
[page 42] 22 boxes, kept 11 (插画页=False, complex_background=16/22, cjk_blocks=20/22, long_blocks=9/22, skipped_illustration_text=7/22, skipped_embedded_text=11/22)
[page 42] translating 10 lines...

[page 43/163] rendering...
[page 43] OCR...
[page 43] 35 boxes, kept 11 (插画页=False, complex_background=22/33, cjk_blocks=23/33, long_blocks=7/33, skipped_illustration_text=17/33, skipped_embedded_text=22/33)
[page 43] translating 11 lines...
[translate] 1/11 行批量失败，逐行补译...

[page 44/163] rendering...
[page 44] OCR...
[page 44] 52 boxes, kept 26 (插画页=False, complex_background=29/50, cjk_blocks=38/50, long_blocks=5/50, skipped_illustration_text=22/50, skipped_embedded_text=24/50)
[page 44] translating 26 lines...
[translate] 1/12 行批量失败，逐行补译...
[translate] 2/12 行批量失败，逐行补译...

[page 45/163] rendering...
[page 45] OCR...
[page 45] 46 boxes, kept 19 (插画页=False, complex_background=16/43, cjk_blocks=38/43, long_blocks=5/43, skipped_illustration_text=11/43, skipped_embedded_text=24/43)
[page 45] translating 19 lines...

[page 46/163] rendering...
[page 46] OCR...
[page 46] 31 boxes, kept 11 (插画页=False, complex_background=22/29, cjk_blocks=25/29, long_blocks=4/29, skipped_illustration_text=11/29, skipped_embedded_text=18/29)
[page 46] translating 11 lines...

[page 47/163] rendering...
[page 47] OCR...
[page 47] 59 boxes, kept 15 (插画页=False, complex_background=27/55, cjk_blocks=35/55, long_blocks=2/55, skipped_illustration_text=34/55, skipped_embedded_text=40/55)
[page 47] translating 15 lines...

[page 48/163] rendering...
[page 48] OCR...
[page 48] 57 boxes, kept 23 (插画页=False, complex_background=26/56, cjk_blocks=43/56, long_blocks=12/56, skipped_illustration_text=28/56, skipped_embedded_text=33/56)
[page 48] translating 22 lines...

[page 49/163] rendering...
[page 49] OCR...
[page 49] 51 boxes, kept 8 (插画页=False, complex_background=13/46, cjk_blocks=24/46, long_blocks=5/46, skipped_illustration_text=30/46, skipped_embedded_text=38/46)
[page 49] translating 8 lines...

[page 50/163] rendering...
[page 50] OCR...
[page 50] 58 boxes, kept 20 (插画页=False, complex_background=30/52, cjk_blocks=47/52, long_blocks=9/52, skipped_illustration_text=25/52, skipped_embedded_text=32/52)
[page 50] translating 16 lines...

[page 51/163] rendering...
[page 51] OCR...
[page 51] 27 boxes, kept 6 (插画页=False, complex_background=18/26, cjk_blocks=19/26, long_blocks=5/26, skipped_illustration_text=14/26, skipped_embedded_text=20/26)
[page 51] translating 6 lines...

[page 52/163] rendering...
[page 52] OCR...
[page 52] 67 boxes, kept 17 (插画页=False, complex_background=23/64, cjk_blocks=42/64, long_blocks=7/64, skipped_illustration_text=42/64, skipped_embedded_text=47/64)
[page 52] translating 17 lines...

[page 53/163] rendering...
[page 53] OCR...
[page 53] 33 boxes, kept 11 (插画页=False, complex_background=28/33, cjk_blocks=26/33, long_blocks=5/33, skipped_illustration_text=15/33, skipped_embedded_text=22/33)
[page 53] translating 10 lines...

[page 54/163] rendering...
[page 54] OCR...
[page 54] 50 boxes, kept 13 (插画页=False, complex_background=39/48, cjk_blocks=32/48, long_blocks=3/48, skipped_illustration_text=26/48, skipped_embedded_text=35/48)
[page 54] translating 13 lines...

[page 55/163] rendering...
[page 55] OCR...
[page 55] 32 boxes, kept 6 (插画页=False, complex_background=28/31, cjk_blocks=13/31, long_blocks=3/31, skipped_illustration_text=21/31, skipped_embedded_text=25/31)
[page 55] translating 6 lines...

[page 56/163] rendering...
[page 56] OCR...
[page 56] 44 boxes, kept 8 (插画页=False, complex_background=38/44, cjk_blocks=27/44, long_blocks=2/44, skipped_illustration_text=29/44, skipped_embedded_text=36/44)
[page 56] translating 8 lines...

[page 57/163] rendering...
[page 57] OCR...
[page 57] 43 boxes, kept 5 (插画页=False, complex_background=35/42, cjk_blocks=26/42, long_blocks=2/42, skipped_illustration_text=29/42, skipped_embedded_text=37/42)
[page 57] translating 5 lines...

[page 58/163] rendering...
[page 58] OCR...
[page 58] 33 boxes, kept 20 (插画页=False, complex_background=19/31, cjk_blocks=27/31, long_blocks=12/31, skipped_illustration_text=6/31, skipped_embedded_text=11/31)
[page 58] translating 18 lines...

[page 59/163] rendering...
[page 59] OCR...
[page 59] 30 boxes, kept 15 (插画页=False, complex_background=18/30, cjk_blocks=26/30, long_blocks=12/30, skipped_illustration_text=10/30, skipped_embedded_text=15/30)
[page 59] translating 15 lines...

[page 60/163] rendering...
[page 60] OCR...
[page 60] 56 boxes, kept 22 (插画页=False, complex_background=17/55, cjk_blocks=43/55, long_blocks=6/55, skipped_illustration_text=16/55, skipped_embedded_text=33/55)
[page 60] translating 21 lines...

[page 61/163] rendering...
[page 61] OCR...
[page 61] 35 boxes, kept 7 (插画页=False, complex_background=21/34, cjk_blocks=26/34, long_blocks=4/34, skipped_illustration_text=21/34, skipped_embedded_text=27/34)
[page 61] translating 7 lines...

[page 62/163] rendering...
[page 62] OCR...
[page 62] 27 boxes, kept 6 (插画页=False, complex_background=16/26, cjk_blocks=18/26, long_blocks=3/26, skipped_illustration_text=12/26, skipped_embedded_text=20/26)
[page 62] translating 6 lines...

[page 63/163] rendering...
[page 63] OCR...
[page 63] 46 boxes, kept 17 (插画页=False, complex_background=15/45, cjk_blocks=34/45, long_blocks=11/45, skipped_illustration_text=22/45, skipped_embedded_text=28/45)
[page 63] translating 16 lines...

[page 64/163] rendering...
[page 64] OCR...
[page 64] 31 boxes, kept 6 (插画页=False, complex_background=23/30, cjk_blocks=21/30, long_blocks=5/30, skipped_illustration_text=20/30, skipped_embedded_text=24/30)
[page 64] translating 6 lines...

[page 65/163] rendering...
[page 65] OCR...
[page 65] 66 boxes, kept 14 (插画页=False, complex_background=57/65, cjk_blocks=47/65, long_blocks=2/65, skipped_illustration_text=44/65, skipped_embedded_text=51/65)
[page 65] translating 13 lines...

[page 66/163] rendering...
[page 66] OCR...
[page 66] 11 boxes, kept 2 (插画页=False, complex_background=11/11, cjk_blocks=8/11, long_blocks=2/11, skipped_illustration_text=8/11, skipped_embedded_text=9/11)
[page 66] translating 2 lines...

[page 67/163] rendering...
[page 67] OCR...
[page 67] 52 boxes, kept 11 (插画页=False, complex_background=36/50, cjk_blocks=33/50, long_blocks=5/50, skipped_illustration_text=35/50, skipped_embedded_text=39/50)
[page 67] translating 11 lines...

[page 68/163] rendering...
[page 68] OCR...
[page 68] 31 boxes, kept 6 (插画页=False, complex_background=26/29, cjk_blocks=23/29, long_blocks=3/29, skipped_illustration_text=17/29, skipped_embedded_text=23/29)
[page 68] translating 6 lines...

[page 69/163] rendering...
[page 69] OCR...
[page 69] 26 boxes, kept 0 (插画页=True, complex_background=25/25, cjk_blocks=15/25, long_blocks=0/25)

[page 70/163] rendering...
[page 70] OCR...
[page 70] 47 boxes, kept 7 (插画页=False, complex_background=43/44, cjk_blocks=23/44, long_blocks=1/44, skipped_illustration_text=32/44, skipped_embedded_text=37/44)
[page 70] translating 7 lines...

[page 71/163] rendering...
[page 71] OCR...
[page 71] 42 boxes, kept 6 (插画页=False, complex_background=36/38, cjk_blocks=24/38, long_blocks=1/38, skipped_illustration_text=28/38, skipped_embedded_text=32/38)
[page 71] translating 6 lines...

[page 72/163] rendering...
[page 72] OCR...
[page 72] 65 boxes, kept 28 (插画页=False, complex_background=46/61, cjk_blocks=52/61, long_blocks=4/61, skipped_illustration_text=18/61, skipped_embedded_text=33/61)
[page 72] translating 27 lines...

[page 73/163] rendering...
[page 73] OCR...
[page 73] 79 boxes, kept 18 (插画页=False, complex_background=43/65, cjk_blocks=40/65, long_blocks=1/65, skipped_illustration_text=37/65, skipped_embedded_text=47/65)
[page 73] translating 18 lines...

[page 74/163] rendering...
[page 74] OCR...
[page 74] 40 boxes, kept 14 (插画页=False, complex_background=26/39, cjk_blocks=32/39, long_blocks=4/39, skipped_illustration_text=10/39, skipped_embedded_text=25/39)
[page 74] translating 13 lines...

[page 75/163] rendering...
[page 75] OCR...
[page 75] 76 boxes, kept 23 (插画页=False, complex_background=40/74, cjk_blocks=50/74, long_blocks=0/74, skipped_illustration_text=37/74, skipped_embedded_text=51/74)
[page 75] translating 23 lines...

[page 76/163] rendering...
[page 76] OCR...
[page 76] 74 boxes, kept 26 (插画页=False, complex_background=54/71, cjk_blocks=47/71, long_blocks=0/71, skipped_illustration_text=31/71, skipped_embedded_text=45/71)
[page 76] translating 24 lines...
[translate] 1/12 行批量失败，逐行补译...

[page 77/163] rendering...
[page 77] OCR...
[page 77] 69 boxes, kept 13 (插画页=False, complex_background=43/66, cjk_blocks=36/66, long_blocks=2/66, skipped_illustration_text=41/66, skipped_embedded_text=53/66)
[page 77] translating 13 lines...

[page 78/163] rendering...
[page 78] OCR...
[page 78] 49 boxes, kept 14 (插画页=False, complex_background=29/48, cjk_blocks=37/48, long_blocks=4/48, skipped_illustration_text=21/48, skipped_embedded_text=34/48)
[page 78] translating 12 lines...
[translate] 2/12 行批量失败，逐行补译...

[page 79/163] rendering...
[page 79] OCR...
[page 79] 67 boxes, kept 17 (插画页=False, complex_background=47/62, cjk_blocks=46/62, long_blocks=0/62, skipped_illustration_text=30/62, skipped_embedded_text=45/62)
[page 79] translating 16 lines...

[page 80/163] rendering...
[page 80] OCR...
[page 80] 47 boxes, kept 19 (插画页=False, complex_background=42/46, cjk_blocks=34/46, long_blocks=6/46, skipped_illustration_text=20/46, skipped_embedded_text=27/46)
[page 80] translating 19 lines...

[page 81/163] rendering...
[page 81] OCR...
[page 81] 34 boxes, kept 9 (插画页=False, complex_background=28/34, cjk_blocks=23/34, long_blocks=2/34, skipped_illustration_text=17/34, skipped_embedded_text=25/34)
[page 81] translating 9 lines...

[page 82/163] rendering...
[page 82] OCR...
[page 82] 60 boxes, kept 11 (插画页=False, complex_background=36/53, cjk_blocks=34/53, long_blocks=0/53, skipped_illustration_text=31/53, skipped_embedded_text=42/53)
[page 82] translating 10 lines...

[page 83/163] rendering...
[page 83] OCR...
[page 83] 50 boxes, kept 21 (插画页=False, complex_background=42/49, cjk_blocks=41/49, long_blocks=6/49, skipped_illustration_text=22/49, skipped_embedded_text=28/49)
[page 83] translating 21 lines...

[page 84/163] rendering...
[page 84] OCR...
[page 84] 88 boxes, kept 42 (插画页=False, complex_background=77/84, cjk_blocks=67/84, long_blocks=9/84, skipped_illustration_text=31/84, skipped_embedded_text=42/84)
[page 84] translating 40 lines...
[translate] 1/12 行批量失败，逐行补译...
[translate] 1/12 行批量失败，逐行补译...

[page 85/163] rendering...
[page 85] OCR...
[page 85] 8 boxes, kept 5 (插画页=False, complex_background=7/8, cjk_blocks=6/8, long_blocks=4/8, skipped_illustration_text=2/8, skipped_embedded_text=3/8)
[page 85] translating 5 lines...

[page 86/163] rendering...
[page 86] OCR...
[page 86] 50 boxes, kept 16 (插画页=False, complex_background=44/48, cjk_blocks=32/48, long_blocks=6/48, skipped_illustration_text=22/48, skipped_embedded_text=32/48)
[page 86] translating 16 lines...
[translate] 1/12 行批量失败，逐行补译...

[page 87/163] rendering...
[page 87] OCR...
[page 87] 52 boxes, kept 26 (插画页=False, complex_background=14/52, cjk_blocks=47/52, long_blocks=0/52, skipped_illustration_text=16/52, skipped_embedded_text=26/52)
[page 87] translating 26 lines...

[page 88/163] rendering...
[page 88] OCR...
[page 88] 26 boxes, kept 13 (插画页=False, complex_background=25/26, cjk_blocks=18/26, long_blocks=8/26, skipped_illustration_text=9/26, skipped_embedded_text=13/26)
[page 88] translating 12 lines...

[page 89/163] rendering...
[page 89] OCR...
[page 89] 17 boxes, kept 5 (插画页=False, complex_background=16/17, cjk_blocks=12/17, long_blocks=6/17, skipped_illustration_text=7/17, skipped_embedded_text=12/17)
[page 89] translating 5 lines...

[page 90/163] rendering...
[page 90] OCR...
[page 90] 5 boxes, kept 1 (插画页=False, complex_background=4/5, cjk_blocks=4/5, long_blocks=2/5, skipped_illustration_text=2/5, skipped_embedded_text=4/5)
[page 90] translating 1 lines...

[page 91/163] rendering...
[page 91] OCR...
[page 91] 9 boxes, kept 1 (插画页=False, complex_background=7/9, cjk_blocks=7/9, long_blocks=2/9, skipped_illustration_text=4/9, skipped_embedded_text=8/9)
[page 91] translating 1 lines...

[page 92/163] rendering...
[page 92] OCR...
[page 92] 51 boxes, kept 28 (插画页=False, complex_background=42/50, cjk_blocks=41/50, long_blocks=9/50, skipped_illustration_text=17/50, skipped_embedded_text=22/50)
[page 92] translating 27 lines...

[page 93/163] rendering...
[page 93] OCR...
[page 93] 35 boxes, kept 14 (插画页=False, complex_background=30/35, cjk_blocks=26/35, long_blocks=9/35, skipped_illustration_text=13/35, skipped_embedded_text=21/35)
[page 93] translating 14 lines...

[page 94/163] rendering...
[page 94] OCR...
[page 94] 64 boxes, kept 30 (插画页=False, complex_background=49/63, cjk_blocks=53/63, long_blocks=19/63, skipped_illustration_text=22/63, skipped_embedded_text=33/63)
[page 94] translating 30 lines...

[page 95/163] rendering...
[page 95] OCR...
[page 95] 26 boxes, kept 9 (插画页=False, complex_background=22/26, cjk_blocks=19/26, long_blocks=6/26, skipped_illustration_text=13/26, skipped_embedded_text=17/26)
[page 95] translating 8 lines...

[page 96/163] rendering...
[page 96] OCR...
[page 96] 28 boxes, kept 6 (插画页=False, complex_background=26/27, cjk_blocks=20/27, long_blocks=2/27, skipped_illustration_text=14/27, skipped_embedded_text=21/27)
[page 96] translating 6 lines...

[page 97/163] rendering...
[page 97] OCR...
[page 97] 30 boxes, kept 10 (插画页=False, complex_background=28/30, cjk_blocks=25/30, long_blocks=6/30, skipped_illustration_text=13/30, skipped_embedded_text=20/30)
[page 97] translating 9 lines...

[page 98/163] rendering...
[page 98] OCR...
[page 98] 73 boxes, kept 23 (插画页=False, complex_background=46/70, cjk_blocks=56/70, long_blocks=3/70, skipped_illustration_text=30/70, skipped_embedded_text=47/70)
[page 98] translating 23 lines...

[page 99/163] rendering...
[page 99] OCR...
[page 99] 64 boxes, kept 15 (插画页=False, complex_background=38/56, cjk_blocks=43/56, long_blocks=0/56, skipped_illustration_text=27/56, skipped_embedded_text=41/56)
[page 99] translating 15 lines...

[page 100/163] rendering...
[page 100] OCR...
[page 100] 34 boxes, kept 9 (插画页=False, complex_background=20/32, cjk_blocks=25/32, long_blocks=8/32, skipped_illustration_text=13/32, skipped_embedded_text=23/32)
[page 100] translating 9 lines...

[page 101/163] rendering...
[page 101] OCR...
[page 101] 15 boxes, kept 4 (插画页=False, complex_background=14/15, cjk_blocks=11/15, long_blocks=2/15, skipped_illustration_text=9/15, skipped_embedded_text=11/15)
[page 101] translating 4 lines...
[translate] 1/4 行批量失败，逐行补译...

[page 102/163] rendering...
[page 102] OCR...
[page 102] 53 boxes, kept 18 (插画页=False, complex_background=25/51, cjk_blocks=38/51, long_blocks=8/51, skipped_illustration_text=18/51, skipped_embedded_text=33/51)
[page 102] translating 17 lines...

[page 103/163] rendering...
[page 103] OCR...
[page 103] 61 boxes, kept 22 (插画页=False, complex_background=37/58, cjk_blocks=46/58, long_blocks=7/58, skipped_illustration_text=21/58, skipped_embedded_text=36/58)
[page 103] translating 22 lines...

[page 104/163] rendering...
[page 104] OCR...
[page 104] 53 boxes, kept 17 (插画页=False, complex_background=13/50, cjk_blocks=33/50, long_blocks=4/50, skipped_illustration_text=26/50, skipped_embedded_text=33/50)
[page 104] translating 16 lines...

[page 105/163] rendering...
[page 105] OCR...
[page 105] 47 boxes, kept 16 (插画页=False, complex_background=20/46, cjk_blocks=35/46, long_blocks=11/46, skipped_illustration_text=22/46, skipped_embedded_text=30/46)
[page 105] translating 16 lines...

[page 106/163] rendering...
[page 106] OCR...
[page 106] 53 boxes, kept 24 (插画页=False, complex_background=32/53, cjk_blocks=42/53, long_blocks=4/53, skipped_illustration_text=18/53, skipped_embedded_text=29/53)
[page 106] translating 24 lines...
[translate] 1/12 行批量失败，逐行补译...

[page 107/163] rendering...
[page 107] OCR...
[page 107] 48 boxes, kept 19 (插画页=False, complex_background=28/45, cjk_blocks=36/45, long_blocks=0/45, skipped_illustration_text=16/45, skipped_embedded_text=26/45)
[page 107] translating 19 lines...
[translate] 3/7 行批量失败，逐行补译...

[page 108/163] rendering...
[page 108] OCR...
[page 108] 46 boxes, kept 2 (插画页=False, complex_background=7/42, cjk_blocks=24/42, long_blocks=1/42, skipped_illustration_text=28/42, skipped_embedded_text=40/42)
[page 108] translating 2 lines...

[page 109/163] rendering...
[page 109] OCR...
[page 109] 49 boxes, kept 21 (插画页=False, complex_background=38/47, cjk_blocks=42/47, long_blocks=8/47, skipped_illustration_text=11/47, skipped_embedded_text=26/47)
[page 109] translating 20 lines...

[page 110/163] rendering...
[page 110] OCR...
[page 110] 72 boxes, kept 28 (插画页=False, complex_background=38/70, cjk_blocks=60/70, long_blocks=11/70, skipped_illustration_text=24/70, skipped_embedded_text=42/70)
[page 110] translating 16 lines...

[page 111/163] rendering...
[page 111] OCR...
[page 111] 34 boxes, kept 17 (插画页=False, complex_background=21/33, cjk_blocks=28/33, long_blocks=13/33, skipped_illustration_text=9/33, skipped_embedded_text=16/33)
[page 111] translating 17 lines...

[page 112/163] rendering...
[page 112] OCR...
[page 112] 58 boxes, kept 26 (插画页=False, complex_background=25/56, cjk_blocks=46/56, long_blocks=7/56, skipped_illustration_text=24/56, skipped_embedded_text=30/56)
[page 112] translating 25 lines...

[page 113/163] rendering...
[page 113] OCR...
[page 113] 43 boxes, kept 21 (插画页=False, complex_background=26/42, cjk_blocks=35/42, long_blocks=3/42, skipped_illustration_text=14/42, skipped_embedded_text=21/42)
[page 113] translating 21 lines...

[page 114/163] rendering...
[page 114] OCR...
[page 114] 53 boxes, kept 4 (插画页=False, complex_background=42/48, cjk_blocks=32/48, long_blocks=3/48, skipped_illustration_text=36/48, skipped_embedded_text=44/48)
[page 114] translating 4 lines...

[page 115/163] rendering...
[page 115] OCR...
[page 115] 68 boxes, kept 12 (插画页=False, complex_background=40/68, cjk_blocks=53/68, long_blocks=3/68, skipped_illustration_text=38/68, skipped_embedded_text=56/68)
[page 115] translating 12 lines...
[translate] 1/12 行批量失败，逐行补译...

[page 116/163] rendering...
[page 116] OCR...
[page 116] 38 boxes, kept 8 (插画页=False, complex_background=29/36, cjk_blocks=26/36, long_blocks=4/36, skipped_illustration_text=21/36, skipped_embedded_text=28/36)
[page 116] translating 8 lines...

[page 117/163] rendering...
[page 117] OCR...
[page 117] 33 boxes, kept 6 (插画页=False, complex_background=27/31, cjk_blocks=22/31, long_blocks=0/31, skipped_illustration_text=18/31, skipped_embedded_text=25/31)
[page 117] translating 6 lines...

[page 118/163] rendering...
[page 118] OCR...
[page 118] 43 boxes, kept 27 (插画页=False, complex_background=29/43, cjk_blocks=39/43, long_blocks=20/43, skipped_illustration_text=10/43, skipped_embedded_text=16/43)
[page 118] translating 27 lines...
[translate] 1/12 行批量失败，逐行补译...

[page 119/163] rendering...
[page 119] OCR...
[page 119] 35 boxes, kept 6 (插画页=False, complex_background=20/33, cjk_blocks=25/33, long_blocks=1/33, skipped_illustration_text=21/33, skipped_embedded_text=27/33)
[page 119] translating 5 lines...

[page 120/163] rendering...
[page 120] OCR...
[page 120] 46 boxes, kept 17 (插画页=False, complex_background=35/46, cjk_blocks=38/46, long_blocks=3/46, skipped_illustration_text=15/46, skipped_embedded_text=29/46)
[page 120] translating 17 lines...

[page 121/163] rendering...
[page 121] OCR...
[page 121] 34 boxes, kept 9 (插画页=False, complex_background=26/32, cjk_blocks=20/32, long_blocks=3/32, skipped_illustration_text=17/32, skipped_embedded_text=23/32)
[page 121] translating 9 lines...

[page 122/163] rendering...
[page 122] OCR...
[page 122] 32 boxes, kept 16 (插画页=False, complex_background=30/31, cjk_blocks=24/31, long_blocks=7/31, skipped_illustration_text=11/31, skipped_embedded_text=15/31)
[page 122] translating 16 lines...

[page 123/163] rendering...
[page 123] OCR...
[page 123] 25 boxes, kept 0 (插画页=True, complex_background=25/25, cjk_blocks=17/25, long_blocks=0/25)

[page 124/163] rendering...
[page 124] OCR...
[page 124] 53 boxes, kept 21 (插画页=False, complex_background=18/51, cjk_blocks=35/51, long_blocks=9/51, skipped_illustration_text=22/51, skipped_embedded_text=30/51)
[page 124] translating 20 lines...

[page 125/163] rendering...
[page 125] OCR...
[page 125] 57 boxes, kept 34 (插画页=False, complex_background=39/55, cjk_blocks=51/55, long_blocks=14/55, skipped_illustration_text=11/55, skipped_embedded_text=21/55)
[page 125] translating 33 lines...

[page 126/163] rendering...
[page 126] OCR...
[page 126] 60 boxes, kept 12 (插画页=False, complex_background=39/58, cjk_blocks=47/58, long_blocks=3/58, skipped_illustration_text=29/58, skipped_embedded_text=46/58)
[page 126] translating 12 lines...

[page 127/163] rendering...
[page 127] OCR...
[page 127] 68 boxes, kept 19 (插画页=False, complex_background=31/59, cjk_blocks=53/59, long_blocks=14/59, skipped_illustration_text=26/59, skipped_embedded_text=40/59)
[page 127] translating 19 lines...

[page 128/163] rendering...
[page 128] OCR...
[page 128] 64 boxes, kept 21 (插画页=False, complex_background=48/62, cjk_blocks=48/62, long_blocks=8/62, skipped_illustration_text=23/62, skipped_embedded_text=41/62)
[page 128] translating 20 lines...

[page 129/163] rendering...
[page 129] OCR...
[page 129] 74 boxes, kept 25 (插画页=False, complex_background=47/68, cjk_blocks=49/68, long_blocks=0/68, skipped_illustration_text=31/68, skipped_embedded_text=43/68)
[page 129] translating 24 lines...
[translate] 1/12 行批量失败，逐行补译...

[page 130/163] rendering...
[page 130] OCR...
[page 130] 52 boxes, kept 22 (插画页=False, complex_background=47/52, cjk_blocks=35/52, long_blocks=0/52, skipped_illustration_text=21/52, skipped_embedded_text=30/52)
[page 130] translating 21 lines...

[page 131/163] rendering...
[page 131] OCR...
[page 131] 23 boxes, kept 2 (插画页=False, complex_background=20/23, cjk_blocks=18/23, long_blocks=3/23, skipped_illustration_text=16/23, skipped_embedded_text=21/23)
[page 131] translating 2 lines...

[page 132/163] rendering...
[page 132] OCR...
[page 132] 20 boxes, kept 7 (插画页=False, complex_background=18/20, cjk_blocks=16/20, long_blocks=1/20, skipped_illustration_text=10/20, skipped_embedded_text=13/20)
[page 132] translating 6 lines...

[page 133/163] rendering...
[page 133] OCR...
[page 133] 94 boxes, kept 16 (插画页=False, complex_background=29/82, cjk_blocks=62/82, long_blocks=3/82, skipped_illustration_text=42/82, skipped_embedded_text=66/82)
[page 133] translating 15 lines...

[page 134/163] rendering...
[page 134] OCR...
[page 134] 54 boxes, kept 19 (插画页=False, complex_background=17/53, cjk_blocks=40/53, long_blocks=5/53, skipped_illustration_text=25/53, skipped_embedded_text=34/53)
[page 134] translating 19 lines...

[page 135/163] rendering...
[page 135] OCR...
[page 135] 51 boxes, kept 19 (插画页=False, complex_background=25/48, cjk_blocks=39/48, long_blocks=3/48, skipped_illustration_text=21/48, skipped_embedded_text=29/48)
[page 135] translating 18 lines...

[page 136/163] rendering...
[page 136] OCR...
[page 136] 43 boxes, kept 25 (插画页=False, complex_background=32/43, cjk_blocks=33/43, long_blocks=18/43, skipped_illustration_text=17/43, skipped_embedded_text=18/43)
[page 136] translating 24 lines...

[page 137/163] rendering...
[page 137] OCR...
[page 137] 42 boxes, kept 7 (插画页=False, complex_background=32/41, cjk_blocks=30/41, long_blocks=3/41, skipped_illustration_text=25/41, skipped_embedded_text=34/41)
[page 137] translating 7 lines...

[page 138/163] rendering...
[page 138] OCR...
[page 138] 10 boxes, kept 2 (插画页=False, complex_background=3/10, cjk_blocks=6/10, long_blocks=2/10, skipped_illustration_text=7/10, skipped_embedded_text=8/10)
[page 138] translating 2 lines...

[page 139/163] rendering...
[page 139] OCR...
[page 139] 4 boxes, kept 0 (插画页=True, complex_background=3/4, cjk_blocks=3/4, long_blocks=0/4)

[page 140/163] rendering...
[page 140] OCR...
[page 140] 27 boxes, kept 5 (插画页=False, complex_background=22/27, cjk_blocks=20/27, long_blocks=2/27, skipped_illustration_text=16/27, skipped_embedded_text=22/27)
[page 140] translating 5 lines...

[page 141/163] rendering...
[page 141] OCR...
[page 141] 35 boxes, kept 7 (插画页=False, complex_background=27/35, cjk_blocks=24/35, long_blocks=0/35, skipped_illustration_text=21/35, skipped_embedded_text=28/35)
[page 141] translating 7 lines...

[page 142/163] rendering...
[page 142] OCR...
[page 142] 31 boxes, kept 6 (插画页=False, complex_background=27/29, cjk_blocks=20/29, long_blocks=0/29, skipped_illustration_text=17/29, skipped_embedded_text=23/29)
[page 142] translating 6 lines...

[page 143/163] rendering...
[page 143] OCR...
[page 143] 8 boxes, kept 6 (插画页=False, complex_background=7/8, cjk_blocks=7/8, long_blocks=3/8, skipped_illustration_text=1/8, skipped_embedded_text=2/8)
[page 143] translating 6 lines...

[page 144/163] rendering...
[page 144] OCR...
[page 144] 30 boxes, kept 10 (插画页=False, complex_background=28/30, cjk_blocks=27/30, long_blocks=3/30, skipped_illustration_text=8/30, skipped_embedded_text=20/30)
[page 144] translating 10 lines...

[page 145/163] rendering...
[page 145] OCR...
[page 145] 17 boxes, kept 6 (插画页=False, complex_background=15/17, cjk_blocks=14/17, long_blocks=0/17, skipped_illustration_text=6/17, skipped_embedded_text=11/17)
[page 145] translating 6 lines...

[page 146/163] rendering...
[page 146] OCR...
[page 146] 20 boxes, kept 2 (插画页=False, complex_background=8/19, cjk_blocks=10/19, long_blocks=3/19, skipped_illustration_text=13/19, skipped_embedded_text=17/19)
[page 146] translating 2 lines...

[page 147/163] rendering...
[page 147] OCR...
[page 147] 31 boxes, kept 12 (插画页=False, complex_background=20/30, cjk_blocks=25/30, long_blocks=4/30, skipped_illustration_text=10/30, skipped_embedded_text=18/30)
[page 147] translating 12 lines...

[page 148/163] rendering...
[page 148] OCR...
[page 148] 27 boxes, kept 6 (插画页=False, complex_background=25/27, cjk_blocks=19/27, long_blocks=3/27, skipped_illustration_text=14/27, skipped_embedded_text=21/27)
[page 148] translating 6 lines...

[page 149/163] rendering...
[page 149] OCR...
[page 149] 14 boxes, kept 0 (插画页=True, complex_background=12/14, cjk_blocks=9/14, long_blocks=0/14)

[page 150/163] rendering...
[page 150] OCR...
[page 150] 43 boxes, kept 17 (插画页=False, complex_background=38/41, cjk_blocks=33/41, long_blocks=3/41, skipped_illustration_text=13/41, skipped_embedded_text=24/41)
[page 150] translating 17 lines...

[page 151/163] rendering...
[page 151] OCR...
[page 151] 17 boxes, kept 0 (插画页=False, complex_background=15/16, cjk_blocks=10/16, long_blocks=0/16, skipped_illustration_text=10/16, skipped_embedded_text=16/16)

[page 152/163] rendering...
[page 152] OCR...
[page 152] 14 boxes, kept 1 (插画页=False, complex_background=12/14, cjk_blocks=6/14, long_blocks=2/14, skipped_illustration_text=9/14, skipped_embedded_text=13/14)
[page 152] translating 1 lines...

[page 153/163] rendering...
[page 153] OCR...
[page 153] 30 boxes, kept 6 (插画页=False, complex_background=15/29, cjk_blocks=17/29, long_blocks=4/29, skipped_illustration_text=19/29, skipped_embedded_text=23/29)
[page 153] translating 6 lines...
[translate] 1/6 行批量失败，逐行补译...

[page 154/163] rendering...
[page 154] OCR...
[page 154] 41 boxes, kept 16 (插画页=False, complex_background=25/41, cjk_blocks=33/41, long_blocks=1/41, skipped_illustration_text=13/41, skipped_embedded_text=25/41)
[page 154] translating 16 lines...

[page 155/163] rendering...
[page 155] OCR...
[page 155] 29 boxes, kept 10 (插画页=False, complex_background=23/28, cjk_blocks=23/28, long_blocks=4/28, skipped_illustration_text=9/28, skipped_embedded_text=18/28)
[page 155] translating 10 lines...

[page 156/163] rendering...
[page 156] OCR...
[page 156] 14 boxes, kept 1 (插画页=False, complex_background=13/14, cjk_blocks=8/14, long_blocks=3/14, skipped_illustration_text=9/14, skipped_embedded_text=13/14)
[page 156] translating 1 lines...

[page 157/163] rendering...
[page 157] OCR...
[page 157] 49 boxes, kept 22 (插画页=False, complex_background=30/47, cjk_blocks=37/47, long_blocks=3/47, skipped_illustration_text=14/47, skipped_embedded_text=25/47)
[page 157] translating 22 lines...

[page 158/163] rendering...
[page 158] OCR...
[page 158] 27 boxes, kept 3 (插画页=False, complex_background=16/26, cjk_blocks=9/26, long_blocks=3/26, skipped_illustration_text=20/26, skipped_embedded_text=23/26)
[page 158] translating 3 lines...

[page 159/163] rendering...
[page 159] OCR...
[page 159] 19 boxes, kept 0 (插画页=True, complex_background=16/19, cjk_blocks=13/19, long_blocks=0/19)

[page 160/163] rendering...
[page 160] OCR...
[page 160] 44 boxes, kept 32 (插画页=False, complex_background=33/43, cjk_blocks=41/43, long_blocks=25/43, skipped_illustration_text=6/43, skipped_embedded_text=11/43)
[page 160] translating 32 lines...

[page 161/163] rendering...
[page 161] OCR...
[page 161] 68 boxes, kept 38 (插画页=False, complex_background=38/68, cjk_blocks=57/68, long_blocks=23/68, skipped_illustration_text=23/68, skipped_embedded_text=30/68)
[page 161] translating 38 lines...
[translate] 1/12 行批量失败，逐行补译...

[page 162/163] rendering...
[page 162] OCR...
[page 162] 49 boxes, kept 32 (插画页=False, complex_background=45/48, cjk_blocks=46/48, long_blocks=21/48, skipped_illustration_text=12/48, skipped_embedded_text=16/48)
[page 162] translating 32 lines...
[translate] 1/12 行批量失败，逐行补译...

[page 163/163] rendering...
[page 163] OCR...
[page 163] 36 boxes, kept 0 (插画页=True, complex_background=29/36, cjk_blocks=13/36, long_blocks=0/36)

DONE: How to Draw Clothes - Rabimaru_translated.pdf (163 pages)
